// Jest Snapshot v1, https://goo.gl/fbAQLP

exports[`App test show title with enzyme 1`] = `
<Fragment>
  <h1>
     
    Hola Mundo
     
  </h1>
  <p>
     
    Mi Primera Aplicacion
     
  </p>
</Fragment>
`;
